
> velocity-digital@1.0.0 build
> next build

   Γû▓ Next.js 15.5.12
   - Environments: .env.local
   - Experiments (use with caution):
     ┬╖ optimizePackageImports

   Creating an optimized production build ...
node.exe : Failed to 
compile.
At line:1 char:1
+ & 
"D:\React/node.exe" "
C:\Users\Ahsan\AppDat
a\Roaming\npm/node_mo
dule ...
+ ~~~~~~~~~~~~~~~~~~~
~~~~~~~~~~~~~~~~~~~~~
~~~~~~~~~~~~~~~~~~~~~
~~~~~~~~
    + CategoryInfo   
           : NotSpe  
  cified: (Failed    
 to compile.:Stri    
ng) [], RemoteEx    
ception
    + FullyQualified 
   ErrorId : Native  
  CommandError
 

./src/app/page.tsx
Error:   [31mx[0m 
`ssr: false` is not 
allowed with 
`next/dynamic` in 
Server Components. 
Please move it into 
a Client Component.
    ,-[[36;1;4mD:\Aa
utomatex\Digital X So
lution\src\app\page.t
sx[0m:5:1]
 [2m 2[0m |     
import { HeroSection 
} from "@/components/
sections/hero-section
";
 [2m 3[0m |     
import dynamic from 
"next/dynamic";
 [2m 4[0m |     
 [2m 5[0m | [35;1m
,[0m[35;1m-[0m[35
;1m>[0m const 
FloatingDock = 
dynamic(
 [2m 6[0m | 
[35;1m|[0m     () 
=> import("@/componen
ts/navigation/floatin
g-dock").then((mod) 
=> mod.FloatingDock),
 [2m 7[0m | 
[35;1m|[0m     { 
ssr: false }
 [2m 8[0m | [35;1m
`[0m[35;1m-[0m[35
;1m>[0m );
 [2m 9[0m |     
 [2m10[0m |     /* 
ΓöÇΓöÇ Lazy-load 
below-fold sections 
to cut initial JS 
payload ΓöÇΓöÇ */
 [2m10[0m |     
const 
ServicesSection = 
dynamic(
    `----

Import trace for 
requested module:
./src/app/page.tsx


> Build failed 
because of webpack 
errors
